// Jest Snapshot v1, https://goo.gl/fbAQLP

exports[`Работа кнопки Редактировать 1`] = `
<tr
  className="MobileClientInfo"
>
  <td>
    Иванов
  </td>
  <td>
    Иван
  </td>
  <td>
    Иванович
  </td>
  <td>
    200
  </td>
  <td
    className="statusactive"
  >
    active
  </td>
  <td>
    <input
      className="buttonEdit"
      onClick={[Function]}
      type="button"
      value="Редактировать"
    />
  </td>
  <td>
    <input
      className="buttonDelete"
      onClick={[Function]}
      type="button"
      value="Удалить"
    />
  </td>
</tr>
`;

exports[`Работа кнопки Редактировать 2`] = `
<tr
  className="MobileClientInfo"
>
  <td>
    Иванов
  </td>
  <td>
    Иван
  </td>
  <td>
    Иванович
  </td>
  <td>
    200
  </td>
  <td
    className="statusactive"
  >
    active
  </td>
  <td>
    <input
      className="buttonEdit"
      onClick={[Function]}
      type="button"
      value="Редактировать"
    />
  </td>
  <td>
    <input
      className="buttonDelete"
      onClick={[Function]}
      type="button"
      value="Удалить"
    />
  </td>
</tr>
`;

exports[`Работа кнопки Редактировать 3`] = `
<tr
  className="MobileClientInfo"
>
  <td>
    Иванов
  </td>
  <td>
    Иван
  </td>
  <td>
    Иванович
  </td>
  <td>
    200
  </td>
  <td
    className="statusactive"
  >
    active
  </td>
  <td>
    <input
      className="buttonEdit"
      onClick={[Function]}
      type="button"
      value="Редактировать"
    />
  </td>
  <td>
    <input
      className="buttonDelete"
      onClick={[Function]}
      type="button"
      value="Удалить"
    />
  </td>
</tr>
`;

exports[`Работа кнопки Удалить 1`] = `
<tr
  className="MobileClientInfo"
>
  <td>
    Иванов
  </td>
  <td>
    Иван
  </td>
  <td>
    Иванович
  </td>
  <td>
    200
  </td>
  <td
    className="statusactive"
  >
    active
  </td>
  <td>
    <input
      className="buttonEdit"
      onClick={[Function]}
      type="button"
      value="Редактировать"
    />
  </td>
  <td>
    <input
      className="buttonDelete"
      onClick={[Function]}
      type="button"
      value="Удалить"
    />
  </td>
</tr>
`;

exports[`Работа кнопки Удалить 2`] = `
<tr
  className="MobileClientInfo"
>
  <td>
    Иванов
  </td>
  <td>
    Иван
  </td>
  <td>
    Иванович
  </td>
  <td>
    200
  </td>
  <td
    className="statusactive"
  >
    active
  </td>
  <td>
    <input
      className="buttonEdit"
      onClick={[Function]}
      type="button"
      value="Редактировать"
    />
  </td>
  <td>
    <input
      className="buttonDelete"
      onClick={[Function]}
      type="button"
      value="Удалить"
    />
  </td>
</tr>
`;
