// Jest Snapshot v1, https://goo.gl/fbAQLP

exports[`Работа кнопки Активные 1`] = `
<div
  className="MobileCompany"
>
  <hr />
  <input
    className="showAll"
    onClick={[Function]}
    type="button"
    value="Все"
  />
  <input
    className="showActive"
    onClick={[Function]}
    type="button"
    value="Активные"
  />
  <input
    className="showBlocked"
    onClick={[Function]}
    type="button"
    value="Заблокированные"
  />
  <hr />
  <table
    className="MobileCompanyClients"
  >
    <tbody>
      <tr
        className="Headings"
      >
        <td>
          Фамилия
        </td>
        <td>
          Имя
        </td>
        <td>
          Отчество
        </td>
        <td>
          Баланс
        </td>
        <td>
          Статус
        </td>
        <td>
          Редактировать
        </td>
        <td>
          Удалить
        </td>
      </tr>
      <tr
        className="MobileClientInfo"
      >
        <td>
          Иванов
        </td>
        <td>
          Иван
        </td>
        <td>
          Иванович
        </td>
        <td>
          200
        </td>
        <td
          className="statusactive"
        >
          active
        </td>
        <td>
          <input
            onClick={[Function]}
            type="button"
            value="Редактировать"
          />
        </td>
        <td>
          <input
            onClick={[Function]}
            type="button"
            value="Удалить"
          />
        </td>
      </tr>
      <tr
        className="MobileClientInfo"
      >
        <td>
          Сидоров
        </td>
        <td>
          Сидор
        </td>
        <td>
          Сидорович
        </td>
        <td>
          250
        </td>
        <td
          className="statusactive"
        >
          active
        </td>
        <td>
          <input
            onClick={[Function]}
            type="button"
            value="Редактировать"
          />
        </td>
        <td>
          <input
            onClick={[Function]}
            type="button"
            value="Удалить"
          />
        </td>
      </tr>
      <tr
        className="MobileClientInfo"
      >
        <td>
          Петров
        </td>
        <td>
          Петр
        </td>
        <td>
          Петрович
        </td>
        <td>
          180
        </td>
        <td
          className="statusactive"
        >
          active
        </td>
        <td>
          <input
            onClick={[Function]}
            type="button"
            value="Редактировать"
          />
        </td>
        <td>
          <input
            onClick={[Function]}
            type="button"
            value="Удалить"
          />
        </td>
      </tr>
      <tr
        className="MobileClientInfo"
      >
        <td>
          Григорьев
        </td>
        <td>
          Григорий
        </td>
        <td>
          Григорьевич
        </td>
        <td>
          -220
        </td>
        <td
          className="statusblocked"
        >
          blocked
        </td>
        <td>
          <input
            onClick={[Function]}
            type="button"
            value="Редактировать"
          />
        </td>
        <td>
          <input
            onClick={[Function]}
            type="button"
            value="Удалить"
          />
        </td>
      </tr>
    </tbody>
  </table>
  <input
    onClick={[Function]}
    type="button"
    value="Добавить клиента"
  />
</div>
`;

exports[`Работа кнопки Активные 2`] = `
<div
  className="MobileCompany"
>
  <hr />
  <input
    className="showAll"
    onClick={[Function]}
    type="button"
    value="Все"
  />
  <input
    className="showActive"
    onClick={[Function]}
    type="button"
    value="Активные"
  />
  <input
    className="showBlocked"
    onClick={[Function]}
    type="button"
    value="Заблокированные"
  />
  <hr />
  <table
    className="MobileCompanyClients"
  >
    <tbody>
      <tr
        className="Headings"
      >
        <td>
          Фамилия
        </td>
        <td>
          Имя
        </td>
        <td>
          Отчество
        </td>
        <td>
          Баланс
        </td>
        <td>
          Статус
        </td>
        <td>
          Редактировать
        </td>
        <td>
          Удалить
        </td>
      </tr>
      <tr
        className="MobileClientInfo"
      >
        <td>
          Иванов
        </td>
        <td>
          Иван
        </td>
        <td>
          Иванович
        </td>
        <td>
          200
        </td>
        <td
          className="statusactive"
        >
          active
        </td>
        <td>
          <input
            onClick={[Function]}
            type="button"
            value="Редактировать"
          />
        </td>
        <td>
          <input
            onClick={[Function]}
            type="button"
            value="Удалить"
          />
        </td>
      </tr>
      <tr
        className="MobileClientInfo"
      >
        <td>
          Сидоров
        </td>
        <td>
          Сидор
        </td>
        <td>
          Сидорович
        </td>
        <td>
          250
        </td>
        <td
          className="statusactive"
        >
          active
        </td>
        <td>
          <input
            onClick={[Function]}
            type="button"
            value="Редактировать"
          />
        </td>
        <td>
          <input
            onClick={[Function]}
            type="button"
            value="Удалить"
          />
        </td>
      </tr>
      <tr
        className="MobileClientInfo"
      >
        <td>
          Петров
        </td>
        <td>
          Петр
        </td>
        <td>
          Петрович
        </td>
        <td>
          180
        </td>
        <td
          className="statusactive"
        >
          active
        </td>
        <td>
          <input
            onClick={[Function]}
            type="button"
            value="Редактировать"
          />
        </td>
        <td>
          <input
            onClick={[Function]}
            type="button"
            value="Удалить"
          />
        </td>
      </tr>
    </tbody>
  </table>
  <input
    onClick={[Function]}
    type="button"
    value="Добавить клиента"
  />
</div>
`;

exports[`Работа кнопки Активные 3`] = `
<div
  className="MobileCompany"
>
  <hr />
  <input
    className="showAll"
    onClick={[Function]}
    type="button"
    value="Все"
  />
  <input
    className="showActive"
    onClick={[Function]}
    type="button"
    value="Активные"
  />
  <input
    className="showBlocked"
    onClick={[Function]}
    type="button"
    value="Заблокированные"
  />
  <hr />
  <table
    className="MobileCompanyClients"
  >
    <tbody>
      <tr
        className="Headings"
      >
        <td>
          Фамилия
        </td>
        <td>
          Имя
        </td>
        <td>
          Отчество
        </td>
        <td>
          Баланс
        </td>
        <td>
          Статус
        </td>
        <td>
          Редактировать
        </td>
        <td>
          Удалить
        </td>
      </tr>
      <tr
        className="MobileClientInfo"
      >
        <td>
          Иванов
        </td>
        <td>
          Иван
        </td>
        <td>
          Иванович
        </td>
        <td>
          200
        </td>
        <td
          className="statusactive"
        >
          active
        </td>
        <td>
          <input
            onClick={[Function]}
            type="button"
            value="Редактировать"
          />
        </td>
        <td>
          <input
            onClick={[Function]}
            type="button"
            value="Удалить"
          />
        </td>
      </tr>
      <tr
        className="MobileClientInfo"
      >
        <td>
          Сидоров
        </td>
        <td>
          Сидор
        </td>
        <td>
          Сидорович
        </td>
        <td>
          250
        </td>
        <td
          className="statusactive"
        >
          active
        </td>
        <td>
          <input
            onClick={[Function]}
            type="button"
            value="Редактировать"
          />
        </td>
        <td>
          <input
            onClick={[Function]}
            type="button"
            value="Удалить"
          />
        </td>
      </tr>
      <tr
        className="MobileClientInfo"
      >
        <td>
          Петров
        </td>
        <td>
          Петр
        </td>
        <td>
          Петрович
        </td>
        <td>
          180
        </td>
        <td
          className="statusactive"
        >
          active
        </td>
        <td>
          <input
            onClick={[Function]}
            type="button"
            value="Редактировать"
          />
        </td>
        <td>
          <input
            onClick={[Function]}
            type="button"
            value="Удалить"
          />
        </td>
      </tr>
    </tbody>
  </table>
  <input
    onClick={[Function]}
    type="button"
    value="Добавить клиента"
  />
</div>
`;

exports[`Работа кнопки Все 1`] = `
<div
  className="MobileCompany"
>
  <hr />
  <input
    className="showAll"
    onClick={[Function]}
    type="button"
    value="Все"
  />
  <input
    className="showActive"
    onClick={[Function]}
    type="button"
    value="Активные"
  />
  <input
    className="showBlocked"
    onClick={[Function]}
    type="button"
    value="Заблокированные"
  />
  <hr />
  <table
    className="MobileCompanyClients"
  >
    <tbody>
      <tr
        className="Headings"
      >
        <td>
          Фамилия
        </td>
        <td>
          Имя
        </td>
        <td>
          Отчество
        </td>
        <td>
          Баланс
        </td>
        <td>
          Статус
        </td>
        <td>
          Редактировать
        </td>
        <td>
          Удалить
        </td>
      </tr>
      <tr
        className="MobileClientInfo"
      >
        <td>
          Иванов
        </td>
        <td>
          Иван
        </td>
        <td>
          Иванович
        </td>
        <td>
          200
        </td>
        <td
          className="statusactive"
        >
          active
        </td>
        <td>
          <input
            onClick={[Function]}
            type="button"
            value="Редактировать"
          />
        </td>
        <td>
          <input
            onClick={[Function]}
            type="button"
            value="Удалить"
          />
        </td>
      </tr>
      <tr
        className="MobileClientInfo"
      >
        <td>
          Сидоров
        </td>
        <td>
          Сидор
        </td>
        <td>
          Сидорович
        </td>
        <td>
          250
        </td>
        <td
          className="statusactive"
        >
          active
        </td>
        <td>
          <input
            onClick={[Function]}
            type="button"
            value="Редактировать"
          />
        </td>
        <td>
          <input
            onClick={[Function]}
            type="button"
            value="Удалить"
          />
        </td>
      </tr>
      <tr
        className="MobileClientInfo"
      >
        <td>
          Петров
        </td>
        <td>
          Петр
        </td>
        <td>
          Петрович
        </td>
        <td>
          180
        </td>
        <td
          className="statusactive"
        >
          active
        </td>
        <td>
          <input
            onClick={[Function]}
            type="button"
            value="Редактировать"
          />
        </td>
        <td>
          <input
            onClick={[Function]}
            type="button"
            value="Удалить"
          />
        </td>
      </tr>
      <tr
        className="MobileClientInfo"
      >
        <td>
          Григорьев
        </td>
        <td>
          Григорий
        </td>
        <td>
          Григорьевич
        </td>
        <td>
          -220
        </td>
        <td
          className="statusblocked"
        >
          blocked
        </td>
        <td>
          <input
            onClick={[Function]}
            type="button"
            value="Редактировать"
          />
        </td>
        <td>
          <input
            onClick={[Function]}
            type="button"
            value="Удалить"
          />
        </td>
      </tr>
    </tbody>
  </table>
  <input
    onClick={[Function]}
    type="button"
    value="Добавить клиента"
  />
</div>
`;

exports[`Работа кнопки Все 2`] = `
<div
  className="MobileCompany"
>
  <hr />
  <input
    className="showAll"
    onClick={[Function]}
    type="button"
    value="Все"
  />
  <input
    className="showActive"
    onClick={[Function]}
    type="button"
    value="Активные"
  />
  <input
    className="showBlocked"
    onClick={[Function]}
    type="button"
    value="Заблокированные"
  />
  <hr />
  <table
    className="MobileCompanyClients"
  >
    <tbody>
      <tr
        className="Headings"
      >
        <td>
          Фамилия
        </td>
        <td>
          Имя
        </td>
        <td>
          Отчество
        </td>
        <td>
          Баланс
        </td>
        <td>
          Статус
        </td>
        <td>
          Редактировать
        </td>
        <td>
          Удалить
        </td>
      </tr>
      <tr
        className="MobileClientInfo"
      >
        <td>
          Иванов
        </td>
        <td>
          Иван
        </td>
        <td>
          Иванович
        </td>
        <td>
          200
        </td>
        <td
          className="statusactive"
        >
          active
        </td>
        <td>
          <input
            onClick={[Function]}
            type="button"
            value="Редактировать"
          />
        </td>
        <td>
          <input
            onClick={[Function]}
            type="button"
            value="Удалить"
          />
        </td>
      </tr>
      <tr
        className="MobileClientInfo"
      >
        <td>
          Сидоров
        </td>
        <td>
          Сидор
        </td>
        <td>
          Сидорович
        </td>
        <td>
          250
        </td>
        <td
          className="statusactive"
        >
          active
        </td>
        <td>
          <input
            onClick={[Function]}
            type="button"
            value="Редактировать"
          />
        </td>
        <td>
          <input
            onClick={[Function]}
            type="button"
            value="Удалить"
          />
        </td>
      </tr>
      <tr
        className="MobileClientInfo"
      >
        <td>
          Петров
        </td>
        <td>
          Петр
        </td>
        <td>
          Петрович
        </td>
        <td>
          180
        </td>
        <td
          className="statusactive"
        >
          active
        </td>
        <td>
          <input
            onClick={[Function]}
            type="button"
            value="Редактировать"
          />
        </td>
        <td>
          <input
            onClick={[Function]}
            type="button"
            value="Удалить"
          />
        </td>
      </tr>
      <tr
        className="MobileClientInfo"
      >
        <td>
          Григорьев
        </td>
        <td>
          Григорий
        </td>
        <td>
          Григорьевич
        </td>
        <td>
          -220
        </td>
        <td
          className="statusblocked"
        >
          blocked
        </td>
        <td>
          <input
            onClick={[Function]}
            type="button"
            value="Редактировать"
          />
        </td>
        <td>
          <input
            onClick={[Function]}
            type="button"
            value="Удалить"
          />
        </td>
      </tr>
    </tbody>
  </table>
  <input
    onClick={[Function]}
    type="button"
    value="Добавить клиента"
  />
</div>
`;

exports[`Работа кнопки Все 3`] = `
<div
  className="MobileCompany"
>
  <hr />
  <input
    className="showAll"
    onClick={[Function]}
    type="button"
    value="Все"
  />
  <input
    className="showActive"
    onClick={[Function]}
    type="button"
    value="Активные"
  />
  <input
    className="showBlocked"
    onClick={[Function]}
    type="button"
    value="Заблокированные"
  />
  <hr />
  <table
    className="MobileCompanyClients"
  >
    <tbody>
      <tr
        className="Headings"
      >
        <td>
          Фамилия
        </td>
        <td>
          Имя
        </td>
        <td>
          Отчество
        </td>
        <td>
          Баланс
        </td>
        <td>
          Статус
        </td>
        <td>
          Редактировать
        </td>
        <td>
          Удалить
        </td>
      </tr>
      <tr
        className="MobileClientInfo"
      >
        <td>
          Иванов
        </td>
        <td>
          Иван
        </td>
        <td>
          Иванович
        </td>
        <td>
          200
        </td>
        <td
          className="statusactive"
        >
          active
        </td>
        <td>
          <input
            onClick={[Function]}
            type="button"
            value="Редактировать"
          />
        </td>
        <td>
          <input
            onClick={[Function]}
            type="button"
            value="Удалить"
          />
        </td>
      </tr>
      <tr
        className="MobileClientInfo"
      >
        <td>
          Сидоров
        </td>
        <td>
          Сидор
        </td>
        <td>
          Сидорович
        </td>
        <td>
          250
        </td>
        <td
          className="statusactive"
        >
          active
        </td>
        <td>
          <input
            onClick={[Function]}
            type="button"
            value="Редактировать"
          />
        </td>
        <td>
          <input
            onClick={[Function]}
            type="button"
            value="Удалить"
          />
        </td>
      </tr>
      <tr
        className="MobileClientInfo"
      >
        <td>
          Петров
        </td>
        <td>
          Петр
        </td>
        <td>
          Петрович
        </td>
        <td>
          180
        </td>
        <td
          className="statusactive"
        >
          active
        </td>
        <td>
          <input
            onClick={[Function]}
            type="button"
            value="Редактировать"
          />
        </td>
        <td>
          <input
            onClick={[Function]}
            type="button"
            value="Удалить"
          />
        </td>
      </tr>
      <tr
        className="MobileClientInfo"
      >
        <td>
          Григорьев
        </td>
        <td>
          Григорий
        </td>
        <td>
          Григорьевич
        </td>
        <td>
          -220
        </td>
        <td
          className="statusblocked"
        >
          blocked
        </td>
        <td>
          <input
            onClick={[Function]}
            type="button"
            value="Редактировать"
          />
        </td>
        <td>
          <input
            onClick={[Function]}
            type="button"
            value="Удалить"
          />
        </td>
      </tr>
    </tbody>
  </table>
  <input
    onClick={[Function]}
    type="button"
    value="Добавить клиента"
  />
</div>
`;

exports[`Работа кнопки Заблокированные 1`] = `
<div
  className="MobileCompany"
>
  <hr />
  <input
    className="showAll"
    onClick={[Function]}
    type="button"
    value="Все"
  />
  <input
    className="showActive"
    onClick={[Function]}
    type="button"
    value="Активные"
  />
  <input
    className="showBlocked"
    onClick={[Function]}
    type="button"
    value="Заблокированные"
  />
  <hr />
  <table
    className="MobileCompanyClients"
  >
    <tbody>
      <tr
        className="Headings"
      >
        <td>
          Фамилия
        </td>
        <td>
          Имя
        </td>
        <td>
          Отчество
        </td>
        <td>
          Баланс
        </td>
        <td>
          Статус
        </td>
        <td>
          Редактировать
        </td>
        <td>
          Удалить
        </td>
      </tr>
      <tr
        className="MobileClientInfo"
      >
        <td>
          Иванов
        </td>
        <td>
          Иван
        </td>
        <td>
          Иванович
        </td>
        <td>
          200
        </td>
        <td
          className="statusactive"
        >
          active
        </td>
        <td>
          <input
            onClick={[Function]}
            type="button"
            value="Редактировать"
          />
        </td>
        <td>
          <input
            onClick={[Function]}
            type="button"
            value="Удалить"
          />
        </td>
      </tr>
      <tr
        className="MobileClientInfo"
      >
        <td>
          Сидоров
        </td>
        <td>
          Сидор
        </td>
        <td>
          Сидорович
        </td>
        <td>
          250
        </td>
        <td
          className="statusactive"
        >
          active
        </td>
        <td>
          <input
            onClick={[Function]}
            type="button"
            value="Редактировать"
          />
        </td>
        <td>
          <input
            onClick={[Function]}
            type="button"
            value="Удалить"
          />
        </td>
      </tr>
      <tr
        className="MobileClientInfo"
      >
        <td>
          Петров
        </td>
        <td>
          Петр
        </td>
        <td>
          Петрович
        </td>
        <td>
          180
        </td>
        <td
          className="statusactive"
        >
          active
        </td>
        <td>
          <input
            onClick={[Function]}
            type="button"
            value="Редактировать"
          />
        </td>
        <td>
          <input
            onClick={[Function]}
            type="button"
            value="Удалить"
          />
        </td>
      </tr>
      <tr
        className="MobileClientInfo"
      >
        <td>
          Григорьев
        </td>
        <td>
          Григорий
        </td>
        <td>
          Григорьевич
        </td>
        <td>
          -220
        </td>
        <td
          className="statusblocked"
        >
          blocked
        </td>
        <td>
          <input
            onClick={[Function]}
            type="button"
            value="Редактировать"
          />
        </td>
        <td>
          <input
            onClick={[Function]}
            type="button"
            value="Удалить"
          />
        </td>
      </tr>
    </tbody>
  </table>
  <input
    onClick={[Function]}
    type="button"
    value="Добавить клиента"
  />
</div>
`;

exports[`Работа кнопки Заблокированные 2`] = `
<div
  className="MobileCompany"
>
  <hr />
  <input
    className="showAll"
    onClick={[Function]}
    type="button"
    value="Все"
  />
  <input
    className="showActive"
    onClick={[Function]}
    type="button"
    value="Активные"
  />
  <input
    className="showBlocked"
    onClick={[Function]}
    type="button"
    value="Заблокированные"
  />
  <hr />
  <table
    className="MobileCompanyClients"
  >
    <tbody>
      <tr
        className="Headings"
      >
        <td>
          Фамилия
        </td>
        <td>
          Имя
        </td>
        <td>
          Отчество
        </td>
        <td>
          Баланс
        </td>
        <td>
          Статус
        </td>
        <td>
          Редактировать
        </td>
        <td>
          Удалить
        </td>
      </tr>
      <tr
        className="MobileClientInfo"
      >
        <td>
          Григорьев
        </td>
        <td>
          Григорий
        </td>
        <td>
          Григорьевич
        </td>
        <td>
          -220
        </td>
        <td
          className="statusblocked"
        >
          blocked
        </td>
        <td>
          <input
            onClick={[Function]}
            type="button"
            value="Редактировать"
          />
        </td>
        <td>
          <input
            onClick={[Function]}
            type="button"
            value="Удалить"
          />
        </td>
      </tr>
    </tbody>
  </table>
  <input
    onClick={[Function]}
    type="button"
    value="Добавить клиента"
  />
</div>
`;

exports[`Работа кнопки Заблокированные 3`] = `
<div
  className="MobileCompany"
>
  <hr />
  <input
    className="showAll"
    onClick={[Function]}
    type="button"
    value="Все"
  />
  <input
    className="showActive"
    onClick={[Function]}
    type="button"
    value="Активные"
  />
  <input
    className="showBlocked"
    onClick={[Function]}
    type="button"
    value="Заблокированные"
  />
  <hr />
  <table
    className="MobileCompanyClients"
  >
    <tbody>
      <tr
        className="Headings"
      >
        <td>
          Фамилия
        </td>
        <td>
          Имя
        </td>
        <td>
          Отчество
        </td>
        <td>
          Баланс
        </td>
        <td>
          Статус
        </td>
        <td>
          Редактировать
        </td>
        <td>
          Удалить
        </td>
      </tr>
      <tr
        className="MobileClientInfo"
      >
        <td>
          Григорьев
        </td>
        <td>
          Григорий
        </td>
        <td>
          Григорьевич
        </td>
        <td>
          -220
        </td>
        <td
          className="statusblocked"
        >
          blocked
        </td>
        <td>
          <input
            onClick={[Function]}
            type="button"
            value="Редактировать"
          />
        </td>
        <td>
          <input
            onClick={[Function]}
            type="button"
            value="Удалить"
          />
        </td>
      </tr>
    </tbody>
  </table>
  <input
    onClick={[Function]}
    type="button"
    value="Добавить клиента"
  />
</div>
`;
